============================= test session starts =============================
platform win32 -- Python 3.13.12, pytest-9.0.2, pluggy-1.6.0 -- C:\Users\alexi\AppData\Local\Microsoft\WindowsApps\PythonSoftwareFoundation.Python.3.13_qbz5n2kfra8p0\python.exe
cachedir: .pytest_cache
rootdir: C:\Users\alexi\OneDrive\Desktop\SkillBrain Python Simple App
collecting ... collected 1 item

tests/test_utils.py::test_calculate_total PASSED                         [100%]

============================== 1 passed in 0.00s ==============================
